LGX_1.0 {
    global:
        # Core API functions
        lgx_runtime_init;
        lgx_runtime_shutdown;
        lgx_runtime_get_version;
        lgx_runtime_check_compatibility;
        
        # Configuration API
        lgx_config_create;
        lgx_config_destroy;
        lgx_config_set_*;
        
        # Capability detection
        lgx_runtime_has_capability;
        lgx_runtime_query_capabilities;
        lgx_runtime_get_hardware_status;
        lgx_runtime_get_performance_characteristics;
        lgx_runtime_get_performance_targets;
        lgx_runtime_assess_performance;
        lgx_performance_tier_to_string;
        
        # Memory management
        lgx_alloc;
        lgx_alloc_aligned;
        lgx_alloc_with_strategy;
        lgx_alloc_with_intent;
        lgx_alloc_with_intent_ex;
        lgx_alloc_validate_intent;
        lgx_free;
        lgx_memory_stats;
        lgx_alloc_get_usage_stats;
        
        # Frame arena allocator (Month 1 - Specialized Allocators)
        lgx_frame_arena_init;
        lgx_frame_arena_shutdown;
        lgx_frame_alloc;
        lgx_frame_reset;
        lgx_frame_get_stats;
        lgx_frame_arena_is_initialized;
        lgx_frame_get_current_frame;
        lgx_frame_get_current_usage;
        lgx_frame_get_peak_usage;
        
        # GPU memory pool (Month 2 - Specialized Allocators)
        lgx_gpu_pool_init;
        lgx_gpu_pool_shutdown;
        lgx_gpu_pool_is_initialized;
        lgx_gpu_pool_is_memory_type_available;
        lgx_gpu_pool_get_memory_budget;
        lgx_gpu_pool_get_memory_used;
        lgx_gpu_alloc;
        lgx_gpu_free;
        lgx_gpu_get_memory;
        lgx_gpu_get_offset;
        lgx_gpu_get_size;
        lgx_gpu_get_mapped_ptr;
        lgx_gpu_pool_get_fragmentation;
        lgx_gpu_pool_get_peak_usage;
        
        # Persistent heap allocator (Month 3 - Specialized Allocators)
        lgx_persistent_heap_init;
        lgx_persistent_heap_shutdown;
        lgx_persistent_heap_is_initialized;
        lgx_heap_alloc;
        lgx_heap_free;
        lgx_heap_get_stats;
        lgx_heap_get_fragmentation;
        lgx_heap_defragment;
        lgx_heap_get_defrag_progress;
        lgx_heap_health_check;
        lgx_heap_get_error_stats;
        
        # Intent allocator (Task 3.4 - Unified Intent-Based API)
        lgx_intent_allocator_init;
        lgx_intent_allocator_shutdown;
        lgx_intent_get_stats;
        
        # Prototype compatibility functions
        lgx_allocator_prototype_init;
        lgx_allocator_prototype_cleanup;
        lgx_alloc_prototype;
        lgx_free_prototype;
        lgx_get_cache_stats;
        
        # Lifecycle management
        lgx_runtime_suspend;
        lgx_runtime_resume;
        
        # Platform services
        lgx_fs_*;
        lgx_time_*;
        lgx_log;
        lgx_time_now_ns;
        
        # Error handling
        lgx_get_last_error;
        lgx_get_last_error_ex;
        lgx_clear_last_error;
        lgx_set_error_handler;
        lgx_result_to_string;
        
        # Health monitoring
        lgx_runtime_health_check;
        lgx_runtime_configure_limits;
        lgx_runtime_get_effective_limits;
        
        # Performance counters
        lgx_get_counter;
        lgx_reset_counters;
        lgx_register_counter;
        lgx_increment_counter;
        lgx_add_to_counter;
        
        # Telemetry (opt-in)
        lgx_telemetry_configure;
        lgx_telemetry_enable;
        lgx_telemetry_export;
        lgx_telemetry_get_privacy_policy;
        lgx_telemetry_export_collected_data;
        
        # Integration contracts
        lgx_runtime_get_translate_context;
        lgx_runtime_register_security_hooks;
        lgx_runtime_unregister_security_hooks;
        lgx_runtime_configure_shader_cache;
        lgx_runtime_*_component;
        
    local:
        *;
};