LGX_1.0 {
    global:
        # Core API functions
        lgx_runtime_init;
        lgx_runtime_shutdown;
        lgx_runtime_is_initialized;
        lgx_runtime_get_version;
        lgx_runtime_check_compatibility;
        
        # Configuration API
        lgx_config_create;
        lgx_config_destroy;
        lgx_config_set_*;
        
        # Capability detection
        lgx_runtime_has_capability;
        lgx_runtime_query_capabilities;
        lgx_runtime_get_hardware_status;
        lgx_runtime_get_performance_characteristics;
        lgx_runtime_get_performance_targets;
        lgx_runtime_assess_performance;
        lgx_performance_tier_to_string;
        
        # Memory management
        lgx_alloc;
        lgx_alloc_aligned;
        lgx_alloc_with_strategy;
        lgx_alloc_with_intent;
        lgx_alloc_with_intent_ex;
        lgx_alloc_validate_intent;
        lgx_free;
        lgx_memory_stats;
        lgx_alloc_get_usage_stats;
        
        # Frame arena allocator (Month 1 - Specialized Allocators)
        lgx_frame_arena_init;
        lgx_frame_arena_shutdown;
        lgx_frame_alloc;
        lgx_frame_reset;
        lgx_frame_get_stats;
        lgx_frame_arena_is_initialized;
        lgx_frame_get_current_frame;
        lgx_frame_get_current_usage;
        lgx_frame_get_peak_usage;
        
        # GPU memory pool (Month 2 - Specialized Allocators)
        lgx_gpu_pool_init;
        lgx_gpu_pool_shutdown;
        lgx_gpu_pool_is_initialized;
        lgx_gpu_pool_is_memory_type_available;
        lgx_gpu_pool_get_memory_budget;
        lgx_gpu_pool_get_memory_used;
        lgx_gpu_alloc;
        lgx_gpu_free;
        lgx_gpu_get_memory;
        lgx_gpu_get_offset;
        lgx_gpu_get_size;
        lgx_gpu_get_mapped_ptr;
        lgx_gpu_pool_get_fragmentation;
        lgx_gpu_pool_get_peak_usage;
        
        # GPU capability detection (Task 3.5.2.3)
        lgx_gpu_detect_capabilities;
        lgx_gpu_select_strategy;
        lgx_gpu_get_recommended_pool_size;
        lgx_gpu_get_memory_type_flags;
        lgx_gpu_print_capabilities;
        lgx_gpu_print_strategy;
        
        # SIMD operations (Task 3.5.2.4)
        lgx_simd_detect_features;
        lgx_simd_has_avx2;
        lgx_simd_find_nonempty_slot;
        lgx_simd_all_null;
        lgx_simd_count_nonempty;
        
        # Persistent heap allocator (Month 3 - Specialized Allocators)
        lgx_persistent_heap_init;
        lgx_persistent_heap_shutdown;
        lgx_persistent_heap_is_initialized;
        lgx_heap_alloc;
        lgx_heap_free;
        lgx_heap_get_stats;
        lgx_heap_get_fragmentation;
        lgx_heap_defragment;
        lgx_heap_get_defrag_progress;
        lgx_heap_health_check;
        lgx_heap_get_error_stats;
        
        # Intent allocator (Task 3.4 - Unified Intent-Based API)
        lgx_intent_allocator_init;
        lgx_intent_allocator_shutdown;
        lgx_intent_get_stats;
        lgx_intent_aggregate_stats;
        
        # Prototype compatibility functions
        lgx_allocator_prototype_init;
        lgx_allocator_prototype_cleanup;
        lgx_alloc_prototype;
        lgx_free_prototype;
        lgx_get_cache_stats;
        
        # Lifecycle management
        lgx_runtime_suspend;
        lgx_runtime_resume;
        
        # Platform services
        lgx_fs_open;
        lgx_fs_read;
        lgx_fs_write;
        lgx_fs_close;
        lgx_time_*;
        lgx_log;
        lgx_time_now_ns;
        lgx_set_log_filter;
        lgx_set_log_max_size;
        lgx_set_log_rotation_enabled;
        lgx_get_log_current_size;
        
        # Structured logging with subsystem filtering
        lgx_log_tagged;
        lgx_set_subsystem_filter;
        lgx_get_subsystem_filter;
        lgx_subsystem_to_string;
        
        # Hardware adapter (internal but needed by tests)
        lgx_hardware_adapter_init;
        lgx_hardware_adapter_shutdown;
        lgx_hardware_adapter_has_gpu;
        lgx_hardware_adapter_get_gpu_vendor;
        lgx_hardware_adapter_get_driver_version;
        lgx_hardware_adapter_get_status;
        
        # Huge pages (internal but needed by tests)
        lgx_hugepages_init;
        lgx_hugepages_shutdown;
        lgx_hugepages_alloc;
        lgx_hugepages_free;
        lgx_hugepages_alloc_selective;
        lgx_hugepages_available;
        lgx_hugepages_estimate_tlb_improvement;
        
        # Error handling
        lgx_get_last_error;
        lgx_get_last_error_ex;
        lgx_clear_last_error;
        lgx_set_error_handler;
        lgx_result_to_string;
        
        # Health monitoring
        lgx_runtime_health_check;
        lgx_runtime_configure_limits;
        lgx_runtime_get_effective_limits;
        
        # Performance counters
        lgx_get_counter;
        lgx_reset_counters;
        lgx_register_counter;
        lgx_increment_counter;
        lgx_add_to_counter;
        lgx_get_custom_counter;
        lgx_get_custom_counter_name;
        
        # Observability
        lgx_set_observability_level;
        lgx_get_observability_level;
        
        # Chaos testing framework
        lgx_runtime_enable_chaos_testing;
        lgx_runtime_disable_chaos_testing;
        lgx_runtime_is_chaos_testing_enabled;
        lgx_runtime_get_chaos_config;
        lgx_chaos_should_fail_allocation;
        lgx_chaos_should_inject_latency;
        lgx_chaos_inject_latency;
        lgx_chaos_should_hang_gpu;
        lgx_chaos_should_fail_io;
        lgx_chaos_get_stats;
        
        # Telemetry (opt-in)
        lgx_telemetry_configure;
        lgx_telemetry_set_enabled;
        lgx_telemetry_get_privacy_policy;
        lgx_telemetry_export_collected_data;
        lgx_telemetry_record_allocation;
        lgx_telemetry_record_allocation_failure;
        
        # Telemetry internal (for tests)
        lgx_runtime_get_state;
        lgx_telemetry_enable;
        lgx_telemetry_record_frame_time;
        lgx_telemetry_export;
        
        # Telemetry process (Section 7.1)
        lgx_telemetry_process_init;
        lgx_telemetry_process_shutdown;
        lgx_telemetry_process_record_frame_time;
        lgx_telemetry_process_record_memory;
        lgx_telemetry_process_record_allocation;
        lgx_telemetry_process_get_dropped_events;
        
        # Namespace isolation (Section 8.1)
        lgx_namespace_create_isolated;
        lgx_namespace_mount_libraries;
        lgx_namespace_validate_versions;
        lgx_namespace_cleanup;
        lgx_namespace_is_isolated;
        lgx_namespace_get_versions;
        
        # Library manifest (Section 8.2)
        lgx_manifest_check_glibc;
        lgx_manifest_check_libstdcpp;
        lgx_manifest_check_vulkan;
        lgx_manifest_validate_all;
        lgx_manifest_get_requirements;
        
        # Input validation (Section 9.1)
        lgx_validate_pointer;
        lgx_validate_size;
        lgx_validate_allocation_size;
        lgx_validate_alignment;
        lgx_validate_string;
        lgx_validate_and_truncate_string;
        lgx_validate_path;
        lgx_validate_enum;
        lgx_validate_buffer;
        lgx_validate_struct_size;
        lgx_validate_capability;
        lgx_validate_log_level;
        lgx_validate_access_pattern;
        lgx_validate_lifetime;
        lgx_validate_performance_hint;
        lgx_validate_allocation_intent;
        lgx_validate_runtime_config;
        lgx_validation_get_limits;
        
        # Memory safety (Section 9.2)
        lgx_memory_safety_init;
        lgx_memory_safety_shutdown;
        lgx_memory_safety_alloc;
        lgx_memory_safety_free;
        lgx_memory_safety_advance_frame;
        lgx_memory_safety_get_stats;
        
        # Resource limits (Task 14.1)
        lgx_resource_limits_init;
        lgx_resource_limits_shutdown;
        lgx_resource_limits_check_memory;
        lgx_resource_limits_track_allocation;
        lgx_resource_limits_track_deallocation;
        lgx_resource_limits_check_allocation_rate;
        lgx_resource_limits_check_file_handle;
        lgx_resource_limits_track_file_open;
        lgx_resource_limits_track_file_close;
        lgx_resource_limits_check_log_rotation;
        lgx_resource_limits_rotate_log;
        lgx_resource_limits_track_log_write;
        lgx_resource_limits_get_stats;
        lgx_resource_limits_reset_stats;
        
        # Memory usage monitoring (Task 12.2.4)
        lgx_get_memory_usage;
        lgx_memory_monitor_init;
        lgx_memory_monitor_shutdown;
        lgx_memory_monitor_update;
        lgx_memory_monitor_report_frame_arena;
        lgx_memory_monitor_report_gpu_pool;
        lgx_memory_monitor_report_persistent_heap;
        lgx_memory_monitor_print_report;
        
        # Trace event system
        lgx_trace_init;
        lgx_trace_shutdown;
        lgx_trace_enable;
        lgx_trace_is_enabled;
        lgx_trace_begin;
        lgx_trace_end;
        lgx_trace_instant;
        lgx_trace_export;
        lgx_trace_clear;
        lgx_trace_get_stats;
        lgx_trace_enable_perf_integration;
        lgx_trace_enable_valgrind_integration;
        lgx_trace_enable_tracy_integration;
        
        # Integration contracts
        lgx_runtime_get_translate_context;
        lgx_runtime_register_security_hooks;
        lgx_runtime_unregister_security_hooks;
        lgx_runtime_configure_shader_cache;
        lgx_runtime_*_component;
        
    local:
        *;
};