-- The C compiler identification is GNU 13.3.0
-- Detecting C compiler ABI info
-- Detecting C compiler ABI info - done
-- Check for working C compiler: /usr/bin/cc - skipped
-- Detecting C compile features
-- Detecting C compile features - done
-- Performing Test CMAKE_HAVE_LIBC_PTHREAD
-- Performing Test CMAKE_HAVE_LIBC_PTHREAD - Success
-- Found Threads: TRUE  
-- Found Vulkan: /usr/lib/x86_64-linux-gnu/libvulkan.so
-- Found jemalloc: /usr/lib/x86_64-linux-gnu/libjemalloc.so
-- Configuring LGX Runtime Core benchmarks
--   Configured benchmark: benchmark_benchmark_allocation_throughput
--   Configured benchmark: benchmark_benchmark_memory_patterns
--   Configured benchmark: benchmark_benchmark_hardware_adaptation
--   Configured benchmark: benchmark_benchmark_intent_accuracy
--   Configured benchmark: benchmark_benchmark_telemetry_overhead
-- Benchmarks configured successfully
--   Run benchmarks with: make run_benchmarks
--   Or: ctest -L benchmark
-- Configuring done (0.5s)
-- Generating done (0.2s)
-- Build files have been written to: /home/karl/Projects/LGX/security_audit_20260212_230534/gcc_analysis
